../Core/Src/main.c:64:6:Flash_EraseSector	32	static
../Core/Src/main.c:80:6:RetriveData	16	static
../Core/Src/main.c:93:6:Flash_ErasePage	32	static
../Core/Src/main.c:112:6:WriteData	40	static
../Core/Src/main.c:119:6:Flash_Write	40	static
../Core/Src/main.c:133:6:Flash_Read	32	static
../Core/Src/main.c:141:6:IntToStr	16	static
../Core/Src/main.c:145:5:StrToInt	16	static
../Core/Src/main.c:149:6:FloatToStr	16	static
../Core/Src/main.c:153:7:StrToFloat	16	static
../Core/Src/main.c:162:5:main	32	static
../Core/Src/main.c:250:6:SystemClock_Config	64	static
../Core/Src/main.c:287:13:MX_GPIO_Init	48	static
../Core/Src/main.c:405:6:Error_Handler	8	static,ignoring_inline_asm
